// Jest Snapshot v1, https://goo.gl/fbAQLP

exports[`BcInput render correctly 1`] = `
<div class="flex flex-wrap justify-center">
  <div class="w-full my-auto text-left">
    <!---->
    <div class="flex flex-wrap items-stretch w-full relative"><input class="appearance-none flex-shrink flex-grow flex-auto
          leading-normal w-px flex-1 h-10 
          text-sm relative bg-grey-lighter
          text-grey-darkest border border-grey-lighter
          rounded py-2 px-3 leading-tight
          focus:outline-none focus:bg-white focus:border-grey"> </div>
  </div>
</div>
`;
